alu_tb: PASS
tb/alu_tb.sv:45: $finish called at 12000 (1ps)
control_unit_tb: PASS
tb/control_unit_tb.sv:50: $finish called at 9000 (1ps)
imm_gen_tb: PASS
tb/imm_gen_tb.sv:25: $finish called at 7000 (1ps)
forwarding_unit_tb: PASS
tb/forwarding_unit_tb.sv:42: $finish called at 4000 (1ps)
hazard_detection_unit_tb: PASS
tb/hazard_detection_unit_tb.sv:33: $finish called at 5000 (1ps)
pipe_if_id_tb: PASS
tb/pipe_if_id_tb.sv:38: $finish called at 36000 (1ps)
pipe_id_ex_tb: PASS
tb/pipe_id_ex_tb.sv:54: $finish called at 26000 (1ps)
pipe_ex_mem_tb: PASS
tb/pipe_ex_mem_tb.sv:41: $finish called at 16000 (1ps)
pipe_mem_wb_tb: PASS
tb/pipe_mem_wb_tb.sv:32: $finish called at 16000 (1ps)
uart_rx_tb: PASS
tb/uart_rx_tb.sv:59: $finish called at 2635000 (1ps)
uart_mmio_tb: PASS
tb/uart_mmio_tb.sv:65: $finish called at 1685000 (1ps)
clock_enable_divider_tb: PASS
tb/clock_enable_divider_tb.sv:23: $finish called at 145000 (1ps)
i2c_writeframe_tb: PASS
tb/i2c_writeframe_tb.sv:139: $finish called at 23195000 (1ps)
lcd_write_cmd_data_tb: PASS
tb/lcd_write_cmd_data_tb.sv:115: $finish called at 55395000 (1ps)
i2c_mmio_tb: PASS
tb/i2c_mmio_tb.sv:38: $finish called at 747935000 (1ps)
lcd_display_tb: PASS
tb/lcd_display_tb.sv:34: $finish called at 48465000 (1ps)
WARNING: src/imem.v:13: $readmemh(sw/firmware.hex): Not enough words in the file for the requested range [0:1023].
cpu_top_tb: PASS
tb/cpu_top_tb.sv:213: $finish called at 252358500 (1ps)
WARNING: src/imem.v:13: $readmemh(sw/firmware.hex): Not enough words in the file for the requested range [0:1023].
uart_hex_cpu_tb: PASS
tb/uart_hex_cpu_tb.sv:59: $finish called at 3755500 (1ps)
