*** GOWIN Tcl Command Line Console  *** 
Warning: Ignoring XDG_SESSION_TYPE=wayland on Gnome. Use QT_QPA_PLATFORM=wayland to run on Wayland anyway.
current device: GW1NR-9C  GW1NR-LV9QN88PC6/I5
add new file: "/home/haihbv/Desktop/work/fpga/thiet_ke_he_thong_so/src/cpu_top.v"
add new file: "/home/haihbv/Desktop/work/fpga/thiet_ke_he_thong_so/src/pc_reg.v"
add new file: "/home/haihbv/Desktop/work/fpga/thiet_ke_he_thong_so/src/reset_sync.v"
add new file: "/home/haihbv/Desktop/work/fpga/thiet_ke_he_thong_so/src/control_unit.v"
add new file: "/home/haihbv/Desktop/work/fpga/thiet_ke_he_thong_so/src/imm_gen.v"
add new file: "/home/haihbv/Desktop/work/fpga/thiet_ke_he_thong_so/src/alu.v"
add new file: "/home/haihbv/Desktop/work/fpga/thiet_ke_he_thong_so/src/regfile.v"
add new file: "/home/haihbv/Desktop/work/fpga/thiet_ke_he_thong_so/src/pipe_if_id.v"
add new file: "/home/haihbv/Desktop/work/fpga/thiet_ke_he_thong_so/src/pipe_id_ex.v"
add new file: "/home/haihbv/Desktop/work/fpga/thiet_ke_he_thong_so/src/pipe_ex_mem.v"
add new file: "/home/haihbv/Desktop/work/fpga/thiet_ke_he_thong_so/src/pipe_mem_wb.v"
add new file: "/home/haihbv/Desktop/work/fpga/thiet_ke_he_thong_so/src/forwarding_unit.v"
add new file: "/home/haihbv/Desktop/work/fpga/thiet_ke_he_thong_so/src/hazard_detection_unit.v"
add new file: "/home/haihbv/Desktop/work/fpga/thiet_ke_he_thong_so/src/imem.v"
add new file: "/home/haihbv/Desktop/work/fpga/thiet_ke_he_thong_so/src/dmem.v"
add new file: "/home/haihbv/Desktop/work/fpga/thiet_ke_he_thong_so/src/address_decoder.v"
add new file: "/home/haihbv/Desktop/work/fpga/thiet_ke_he_thong_so/src/gpio.v"
add new file: "/home/haihbv/Desktop/work/fpga/thiet_ke_he_thong_so/src/uart_mmio.v"
add new file: "/home/haihbv/Desktop/work/fpga/thiet_ke_he_thong_so/src/uart_tx.v"
add new file: "/home/haihbv/Desktop/work/fpga/thiet_ke_he_thong_so/src/uart_rx.v"
add new file: "/home/haihbv/Desktop/work/fpga/thiet_ke_he_thong_so/src/i2c_mmio.v"
add new file: "/home/haihbv/Desktop/work/fpga/thiet_ke_he_thong_so/src/lcd_write_cmd_data.v"
add new file: "/home/haihbv/Desktop/work/fpga/thiet_ke_he_thong_so/src/i2c_writeframe.v"
add new file: "/home/haihbv/Desktop/work/fpga/thiet_ke_he_thong_so/src/clock_enable_divider.v"
add new file: "/home/haihbv/Desktop/work/fpga/thiet_ke_he_thong_so/constr/fpga_project.cst"
add new file: "/home/haihbv/Desktop/work/fpga/thiet_ke_he_thong_so/constr/fpga_project.sdc"
GowinSynthesis start
Running parser ...
Analyzing Verilog file '/home/haihbv/Desktop/work/fpga/thiet_ke_he_thong_so/src/cpu_top.v'
Analyzing Verilog file '/home/haihbv/Desktop/work/fpga/thiet_ke_he_thong_so/src/pc_reg.v'
Analyzing Verilog file '/home/haihbv/Desktop/work/fpga/thiet_ke_he_thong_so/src/reset_sync.v'
Analyzing Verilog file '/home/haihbv/Desktop/work/fpga/thiet_ke_he_thong_so/src/control_unit.v'
Analyzing Verilog file '/home/haihbv/Desktop/work/fpga/thiet_ke_he_thong_so/src/imm_gen.v'
Analyzing Verilog file '/home/haihbv/Desktop/work/fpga/thiet_ke_he_thong_so/src/alu.v'
Analyzing Verilog file '/home/haihbv/Desktop/work/fpga/thiet_ke_he_thong_so/src/regfile.v'
Analyzing Verilog file '/home/haihbv/Desktop/work/fpga/thiet_ke_he_thong_so/src/pipe_if_id.v'
Analyzing Verilog file '/home/haihbv/Desktop/work/fpga/thiet_ke_he_thong_so/src/pipe_id_ex.v'
Analyzing Verilog file '/home/haihbv/Desktop/work/fpga/thiet_ke_he_thong_so/src/pipe_ex_mem.v'
Analyzing Verilog file '/home/haihbv/Desktop/work/fpga/thiet_ke_he_thong_so/src/pipe_mem_wb.v'
Analyzing Verilog file '/home/haihbv/Desktop/work/fpga/thiet_ke_he_thong_so/src/forwarding_unit.v'
Analyzing Verilog file '/home/haihbv/Desktop/work/fpga/thiet_ke_he_thong_so/src/hazard_detection_unit.v'
Analyzing Verilog file '/home/haihbv/Desktop/work/fpga/thiet_ke_he_thong_so/src/imem.v'
Analyzing Verilog file '/home/haihbv/Desktop/work/fpga/thiet_ke_he_thong_so/src/dmem.v'
Analyzing Verilog file '/home/haihbv/Desktop/work/fpga/thiet_ke_he_thong_so/src/address_decoder.v'
Analyzing Verilog file '/home/haihbv/Desktop/work/fpga/thiet_ke_he_thong_so/src/gpio.v'
Analyzing Verilog file '/home/haihbv/Desktop/work/fpga/thiet_ke_he_thong_so/src/uart_mmio.v'
Analyzing Verilog file '/home/haihbv/Desktop/work/fpga/thiet_ke_he_thong_so/src/uart_tx.v'
Analyzing Verilog file '/home/haihbv/Desktop/work/fpga/thiet_ke_he_thong_so/src/uart_rx.v'
Analyzing Verilog file '/home/haihbv/Desktop/work/fpga/thiet_ke_he_thong_so/src/i2c_mmio.v'
Analyzing Verilog file '/home/haihbv/Desktop/work/fpga/thiet_ke_he_thong_so/src/lcd_write_cmd_data.v'
Analyzing Verilog file '/home/haihbv/Desktop/work/fpga/thiet_ke_he_thong_so/src/i2c_writeframe.v'
Analyzing Verilog file '/home/haihbv/Desktop/work/fpga/thiet_ke_he_thong_so/src/clock_enable_divider.v'
Compiling module 'cpu_top'("/home/haihbv/Desktop/work/fpga/thiet_ke_he_thong_so/src/cpu_top.v":1)
Compiling module 'reset_sync'("/home/haihbv/Desktop/work/fpga/thiet_ke_he_thong_so/src/reset_sync.v":9)
Compiling module 'pc_reg'("/home/haihbv/Desktop/work/fpga/thiet_ke_he_thong_so/src/pc_reg.v":1)
Compiling module 'imem'("/home/haihbv/Desktop/work/fpga/thiet_ke_he_thong_so/src/imem.v":4)
Extracting RAM for identifier 'rom'("/home/haihbv/Desktop/work/fpga/thiet_ke_he_thong_so/src/imem.v":15)
Compiling module 'pipe_if_id'("/home/haihbv/Desktop/work/fpga/thiet_ke_he_thong_so/src/pipe_if_id.v":1)
Compiling module 'hazard_detection_unit'("/home/haihbv/Desktop/work/fpga/thiet_ke_he_thong_so/src/hazard_detection_unit.v":1)
Compiling module 'control_unit'("/home/haihbv/Desktop/work/fpga/thiet_ke_he_thong_so/src/control_unit.v":1)
Compiling module 'imm_gen'("/home/haihbv/Desktop/work/fpga/thiet_ke_he_thong_so/src/imm_gen.v":1)
Compiling module 'regfile'("/home/haihbv/Desktop/work/fpga/thiet_ke_he_thong_so/src/regfile.v":1)
Compiling module 'pipe_id_ex'("/home/haihbv/Desktop/work/fpga/thiet_ke_he_thong_so/src/pipe_id_ex.v":1)
Compiling module 'forwarding_unit'("/home/haihbv/Desktop/work/fpga/thiet_ke_he_thong_so/src/forwarding_unit.v":3)
Compiling module 'alu'("/home/haihbv/Desktop/work/fpga/thiet_ke_he_thong_so/src/alu.v":1)
Compiling module 'pipe_ex_mem'("/home/haihbv/Desktop/work/fpga/thiet_ke_he_thong_so/src/pipe_ex_mem.v":1)
Compiling module 'address_decoder'("/home/haihbv/Desktop/work/fpga/thiet_ke_he_thong_so/src/address_decoder.v":1)
Compiling module 'dmem'("/home/haihbv/Desktop/work/fpga/thiet_ke_he_thong_so/src/dmem.v":1)
Extracting RAM for identifier 'ram'("/home/haihbv/Desktop/work/fpga/thiet_ke_he_thong_so/src/dmem.v":8)
Compiling module 'gpio'("/home/haihbv/Desktop/work/fpga/thiet_ke_he_thong_so/src/gpio.v":1)
Compiling module 'uart_mmio'("/home/haihbv/Desktop/work/fpga/thiet_ke_he_thong_so/src/uart_mmio.v":1)
Compiling module 'uart_tx'("/home/haihbv/Desktop/work/fpga/thiet_ke_he_thong_so/src/uart_tx.v":1)
Compiling module 'uart_rx'("/home/haihbv/Desktop/work/fpga/thiet_ke_he_thong_so/src/uart_rx.v":1)
Compiling module 'clock_enable_divider'("/home/haihbv/Desktop/work/fpga/thiet_ke_he_thong_so/src/clock_enable_divider.v":1)
Compiling module 'i2c_mmio'("/home/haihbv/Desktop/work/fpga/thiet_ke_he_thong_so/src/i2c_mmio.v":1)
Compiling module 'lcd_write_cmd_data'("/home/haihbv/Desktop/work/fpga/thiet_ke_he_thong_so/src/lcd_write_cmd_data.v":10)
Compiling module 'i2c_writeframe'("/home/haihbv/Desktop/work/fpga/thiet_ke_he_thong_so/src/i2c_writeframe.v":4)
Compiling module 'pipe_mem_wb'("/home/haihbv/Desktop/work/fpga/thiet_ke_he_thong_so/src/pipe_mem_wb.v":1)
NOTE  (EX0101) : Current top module is "cpu_top"
[5%] Running netlist conversion ...
Running device independent optimization ...
[10%] Optimizing Phase 0 completed
[15%] Optimizing Phase 1 completed
[25%] Optimizing Phase 2 completed
Running inference ...
[30%] Inferring Phase 0 completed
[40%] Inferring Phase 1 completed
[50%] Inferring Phase 2 completed
[55%] Inferring Phase 3 completed
Running technical mapping ...
[60%] Tech-Mapping Phase 0 completed
[65%] Tech-Mapping Phase 1 completed
[75%] Tech-Mapping Phase 2 completed
[80%] Tech-Mapping Phase 3 completed
[90%] Tech-Mapping Phase 4 completed
WARN  (NL0002) : The module "control_unit" instantiated to "ctrl" is swept in optimizing("/home/haihbv/Desktop/work/fpga/thiet_ke_he_thong_so/src/cpu_top.v":91)
WARN  (NL0002) : The module "imm_gen" instantiated to "ig" is swept in optimizing("/home/haihbv/Desktop/work/fpga/thiet_ke_he_thong_so/src/cpu_top.v":96)
[95%] Generate netlist file "/home/haihbv/Desktop/work/fpga/thiet_ke_he_thong_so/build/gowin/impl/gwsynthesis/fpga_project.vg" completed
[100%] Generate report file "/home/haihbv/Desktop/work/fpga/thiet_ke_he_thong_so/build/gowin/impl/gwsynthesis/fpga_project_syn.rpt.html" completed
GowinSynthesis finish
Reading netlist file: "/home/haihbv/Desktop/work/fpga/thiet_ke_he_thong_so/build/gowin/impl/gwsynthesis/fpga_project.vg"
Parsing netlist file "/home/haihbv/Desktop/work/fpga/thiet_ke_he_thong_so/build/gowin/impl/gwsynthesis/fpga_project.vg" completed
Processing netlist completed
Reading constraint file: "/home/haihbv/Desktop/work/fpga/thiet_ke_he_thong_so/constr/fpga_project.cst"
Physical Constraint parsed completed
Running placement......
[10%] Placement Phase 0 completed
[20%] Placement Phase 1 completed
[30%] Placement Phase 2 completed
[50%] Placement Phase 3 completed
Running routing......
[60%] Routing Phase 0 completed
[70%] Routing Phase 1 completed
[80%] Routing Phase 2 completed
[90%] Routing Phase 3 completed
Running timing analysis......
[95%] Timing analysis completed
Placement and routing completed
Bitstream generation in progress......
Bitstream generation completed
Running power analysis......
[100%] Power analysis completed
Generate file "/home/haihbv/Desktop/work/fpga/thiet_ke_he_thong_so/build/gowin/impl/pnr/fpga_project.power.html" completed
Generate file "/home/haihbv/Desktop/work/fpga/thiet_ke_he_thong_so/build/gowin/impl/pnr/fpga_project.pin.html" completed
Generate file "/home/haihbv/Desktop/work/fpga/thiet_ke_he_thong_so/build/gowin/impl/pnr/fpga_project.rpt.html" completed
Generate file "/home/haihbv/Desktop/work/fpga/thiet_ke_he_thong_so/build/gowin/impl/pnr/fpga_project.rpt.txt" completed
Generate file "/home/haihbv/Desktop/work/fpga/thiet_ke_he_thong_so/build/gowin/impl/pnr/fpga_project.tr.html" completed
Sat Sep 19 18:06:41 2026

