core_alu_tb: PASS
sim/core/core_alu_tb.sv:45: $finish called at 12000 (1ps)
core_control_tb: PASS
sim/core/core_control_tb.sv:57: $finish called at 11000 (1ps)
core_immediate_tb: PASS
sim/core/core_immediate_tb.sv:26: $finish called at 8000 (1ps)
core_regfile_tb: PASS
sim/core/core_regfile_tb.sv:87: $finish called at 91000 (1ps)
core_pc_tb: PASS
sim/core/core_pc_tb.sv:60: $finish called at 92000 (1ps)
reset_sync_tb: PASS
sim/common/reset_sync_tb.sv:65: $finish called at 106000 (1ps)
clock_enable_tb: PASS
sim/common/clock_enable_tb.sv:23: $finish called at 145000 (1ps)
pipe_forwarding_tb: PASS
sim/core/pipe_forwarding_tb.sv:42: $finish called at 4000 (1ps)
pipe_hazard_tb: PASS
sim/core/pipe_hazard_tb.sv:33: $finish called at 5000 (1ps)
pipe_if_id_tb: PASS
sim/core/pipe_if_id_tb.sv:38: $finish called at 36000 (1ps)
pipe_id_ex_tb: PASS
sim/core/pipe_id_ex_tb.sv:56: $finish called at 26000 (1ps)
pipe_ex_mem_tb: PASS
sim/core/pipe_ex_mem_tb.sv:41: $finish called at 16000 (1ps)
pipe_mem_wb_tb: PASS
sim/core/pipe_mem_wb_tb.sv:32: $finish called at 16000 (1ps)
cpu_address_decoder_tb: PASS
sim/cpu/cpu_address_decoder_tb.sv:97: $finish called at 18000 (1ps)
mem_data_ram_tb: PASS
sim/memory/mem_data_ram_tb.sv:93: $finish called at 476000 (1ps)
WARNING: source/cpu/mem_instruction_rom.v:24: $readmemh(sim/support/imem_test.hex): Not enough words in the file for the requested range [0:1023].
mem_instruction_rom_tb: PASS
sim/memory/mem_instruction_rom_tb.sv:78: $finish called at 216000 (1ps)
gpio_mmio_tb: PASS
sim/peripheral/gpio_mmio_tb.sv:82: $finish called at 147000 (1ps)
uart_tx_tb: PASS
libs/uart/uart_tx_tb.sv:118: $finish called at 2887000 (1ps)
uart_rx_tb: PASS
libs/uart/uart_rx_tb.sv:59: $finish called at 2635000 (1ps)
uart_mmio_tb: PASS
sim/peripheral/uart_mmio_tb.sv:65: $finish called at 1685000 (1ps)
i2c_write_frame_tb: PASS
libs/i2c/i2c_write_frame_tb.sv:181: $finish called at 23195000 (1ps)
i2c_pcf8574_lcd_write_tb: PASS
libs/i2c/i2c_pcf8574_lcd_write_tb.sv:120: $finish called at 55395000 (1ps)
pcf8574_lcd_mmio_tb: PASS
sim/peripheral/pcf8574_lcd_mmio_tb.sv:38: $finish called at 747935000 (1ps)
i2c_lcd_20x4_refresh_tb: PASS
libs/i2c/i2c_lcd_20x4_refresh_tb.sv:34: $finish called at 48465000 (1ps)
cpu_top_tb: PASS
sim/cpu/cpu_top_tb.sv:213: $finish called at 252432500 (1ps)
cpu_hazard_tb: PASS
sim/cpu/cpu_hazard_tb.sv:105: $finish called at 2275500 (1ps)
cpu_auipc_tb: PASS
sim/cpu/cpu_auipc_tb.sv:94: $finish called at 1535500 (1ps)
cpu_uart_hex_tb: PASS
sim/cpu/cpu_uart_hex_tb.sv:59: $finish called at 3755500 (1ps)
cpu_firmware_boot_tb: PASS (banner "BOOT 5A5A5A5A 00000000")
sim/cpu/cpu_firmware_boot_tb.sv:70: $finish called at 2084709500 (1ps)
