core_alu_tb: PASS
sim/core/core_alu_tb.sv:45: $finish called at 12000 (1ps)
core_control_tb: PASS
sim/core/core_control_tb.sv:57: $finish called at 11000 (1ps)
core_immediate_tb: PASS
sim/core/core_immediate_tb.sv:26: $finish called at 8000 (1ps)
core_regfile_tb: PASS
sim/core/core_regfile_tb.sv:87: $finish called at 91000 (1ps)
core_pc_tb: PASS
sim/core/core_pc_tb.sv:60: $finish called at 92000 (1ps)
reset_sync_tb: PASS
sim/common/reset_sync_tb.sv:65: $finish called at 106000 (1ps)
clock_enable_tb: PASS
sim/common/clock_enable_tb.sv:23: $finish called at 145000 (1ps)
pipe_forwarding_tb: PASS
sim/core/pipe_forwarding_tb.sv:42: $finish called at 4000 (1ps)
pipe_hazard_tb: PASS
sim/core/pipe_hazard_tb.sv:33: $finish called at 5000 (1ps)
pipe_if_id_tb: PASS
sim/core/pipe_if_id_tb.sv:38: $finish called at 36000 (1ps)
pipe_id_ex_tb: PASS
sim/core/pipe_id_ex_tb.sv:56: $finish called at 26000 (1ps)
pipe_ex_mem_tb: PASS
sim/core/pipe_ex_mem_tb.sv:41: $finish called at 16000 (1ps)
pipe_mem_wb_tb: PASS
sim/core/pipe_mem_wb_tb.sv:32: $finish called at 16000 (1ps)
cpu_address_decoder_tb: PASS
sim/cpu/cpu_address_decoder_tb.sv:97: $finish called at 18000 (1ps)
mem_data_ram_tb: PASS
sim/memory/mem_data_ram_tb.sv:93: $finish called at 476000 (1ps)
WARNING: source/cpu/mem_instruction_rom.v:24: $readmemh(sim/support/imem_test.hex): Not enough words in the file for the requested range [0:1023].
mem_instruction_rom_tb: PASS
sim/memory/mem_instruction_rom_tb.sv:78: $finish called at 216000 (1ps)
gpio_mmio_tb: PASS
sim/peripheral/gpio_mmio_tb.sv:82: $finish called at 147000 (1ps)
uart_tx_tb: PASS
libs/uart/uart_tx_tb.sv:118: $finish called at 2887000 (1ps)
